// Jest Snapshot v1, https://goo.gl/fbAQLP

exports[`AddLayoutComponentModal it renders a dropdown with one of each component type 1`] = `
<AddLayoutComponentModal
  onClose={[Function]}
  onSubmit={[Function]}
>
  <Modal
    actions={
      <Button
        className=""
        green={true}
        label={
          Array [
            <i
              className="icon-plus"
            />,
            <p>
              Add Component
            </p>,
          ]
        }
        onClick={[Function]}
      />
    }
    className="hfui-addlayoutcomponentmodal__wrapper"
    label="Add Component"
    onClose={[Function]}
  >
    <div
      className="hfui-modal__wrapper"
      onClick={[Function]}
    >
      <div
        className="hfui-modal__content hfui-addlayoutcomponentmodal__wrapper"
        onClick={[Function]}
      >
        <div
          className="hfui-modal__header"
        >
          <p
            className="hfui-modal__label"
          >
            Add Component
          </p>
          <i
            className="icon-cancel"
            onClick={[Function]}
          />
        </div>
        <OnClickOutside(Dropdown)
          eventTypes={
            Array [
              "mousedown",
              "touchstart",
            ]
          }
          excludeScrollbar={false}
          onChange={[Function]}
          options={
            Array [
              Object {
                "label": "Chart",
                "value": "CHART",
              },
              Object {
                "label": "Order Book",
                "value": "ORDER_BOOK",
              },
              Object {
                "label": "Order Form",
                "value": "ORDER_FORM",
              },
              Object {
                "label": "Trades Table",
                "value": "TRADES_TABLE",
              },
              Object {
                "label": "Positions Table",
                "value": "POSITIONS_TABLE",
              },
              Object {
                "label": "Balances Table",
                "value": "BALANCES_TABLE",
              },
              Object {
                "label": "Algo Orders Table",
                "value": "ALGO_ORDERS_TABLE",
              },
              Object {
                "label": "Atomic Orders Table",
                "value": "ATOMIC_ORDERS_TABLE",
              },
              Object {
                "label": "Order History Table",
                "value": "ORDER_HISTORY_TABLE",
              },
              Object {
                "label": "Trading State Panel",
                "value": "TRADING_STATE_PANEL",
              },
            ]
          }
          outsideClickIgnoreClass="ignore-react-onclickoutside"
          preventDefault={false}
          stopPropagation={false}
          value="Chart"
        >
          <Dropdown
            disableOnClickOutside={[Function]}
            enableOnClickOutside={[Function]}
            eventTypes={
              Array [
                "mousedown",
                "touchstart",
              ]
            }
            onChange={[Function]}
            options={
              Array [
                Object {
                  "label": "Chart",
                  "value": "CHART",
                },
                Object {
                  "label": "Order Book",
                  "value": "ORDER_BOOK",
                },
                Object {
                  "label": "Order Form",
                  "value": "ORDER_FORM",
                },
                Object {
                  "label": "Trades Table",
                  "value": "TRADES_TABLE",
                },
                Object {
                  "label": "Positions Table",
                  "value": "POSITIONS_TABLE",
                },
                Object {
                  "label": "Balances Table",
                  "value": "BALANCES_TABLE",
                },
                Object {
                  "label": "Algo Orders Table",
                  "value": "ALGO_ORDERS_TABLE",
                },
                Object {
                  "label": "Atomic Orders Table",
                  "value": "ATOMIC_ORDERS_TABLE",
                },
                Object {
                  "label": "Order History Table",
                  "value": "ORDER_HISTORY_TABLE",
                },
                Object {
                  "label": "Trading State Panel",
                  "value": "TRADING_STATE_PANEL",
                },
              ]
            }
            outsideClickIgnoreClass="ignore-react-onclickoutside"
            preventDefault={false}
            stopPropagation={false}
            value="Chart"
          >
            <div
              className="hfui-dropdown__wrapper"
            >
              <div
                className="hfui-dropdown__button-wrapper"
              >
                <div
                  className="hfui-dropdown__button"
                  onClick={[Function]}
                >
                  <p
                    className=""
                  >
                    Select an option
                  </p>
                  <i
                    className="icon-arrow-down-passive"
                  />
                </div>
              </div>
            </div>
          </Dropdown>
        </OnClickOutside(Dropdown)>
        <div
          className="hfui-modal__actions"
        >
          <Button
            className=""
            green={true}
            label={
              Array [
                <i
                  className="icon-plus"
                />,
                <p>
                  Add Component
                </p>,
              ]
            }
            onClick={[Function]}
          >
            <button
              className="hfui-button green"
              onClick={[Function]}
              type="button"
            >
              <i
                className="icon-plus"
                key="icon"
              />
              <p
                key="text"
              >
                Add Component
              </p>
            </button>
          </Button>
        </div>
      </div>
    </div>
  </Modal>
</AddLayoutComponentModal>
`;
