// Jest Snapshot v1, https://goo.gl/fbAQLP

exports[`Link changes the class when hovered 1`] = `
<div
  className="panel__wrapper"
  style={undefined}
>
  <div
    className="panel__header"
    style={undefined}
  >
    <p>
      Algo Orders
    </p>
  </div>
  <div
    className="panel__content table__wrapper"
    style={undefined}
  >
    <div
      className={undefined}
      style={
        Object {
          "height": 0,
          "overflow": "visible",
          "width": 0,
        }
      }
    >
      <div
        aria-colcount={6}
        aria-label={undefined}
        aria-labelledby={undefined}
        aria-rowcount={1}
        className="ReactVirtualized__Table"
        id={undefined}
        role="grid"
        style={Object {}}
      >
        <div
          className="ReactVirtualized__Table__headerRow"
          role="row"
          style={
            Object {
              "height": 24,
              "overflow": "hidden",
              "paddingRight": 0,
              "width": 0,
            }
          }
        >
          <div
            aria-label="Name"
            aria-sort="none"
            className="ReactVirtualized__Table__headerColumn ReactVirtualized__Table__sortableHeaderColumn"
            id={undefined}
            onClick={[Function]}
            onKeyDown={[Function]}
            role="columnheader"
            style={
              Object {
                "WebkitFlex": "0 1 200px",
                "flex": "0 1 200px",
                "msFlex": "0 1 200px",
              }
            }
            tabIndex={0}
          >
            <span
              className="ReactVirtualized__Table__headerTruncatedText"
              title="Name"
            >
              Name
            </span>
          </div>
          <div
            aria-label="Created"
            aria-sort="ascending"
            className="ReactVirtualized__Table__headerColumn ReactVirtualized__Table__sortableHeaderColumn"
            id={undefined}
            onClick={[Function]}
            onKeyDown={[Function]}
            role="columnheader"
            style={
              Object {
                "WebkitFlex": "0 1 200px",
                "flex": "0 1 200px",
                "msFlex": "0 1 200px",
              }
            }
            tabIndex={0}
          >
            <span
              className="ReactVirtualized__Table__headerTruncatedText"
              title="Created"
            >
              Created
            </span>
            <svg
              className="ReactVirtualized__Table__sortableHeaderIcon ReactVirtualized__Table__sortableHeaderIcon--ASC"
              height={18}
              viewBox="0 0 24 24"
              width={18}
            >
              <path
                d="M7 14l5-5 5 5z"
              />
              <path
                d="M0 0h24v24H0z"
                fill="none"
              />
            </svg>
          </div>
          <div
            aria-label="Symbol"
            aria-sort="none"
            className="ReactVirtualized__Table__headerColumn ReactVirtualized__Table__sortableHeaderColumn"
            id={undefined}
            onClick={[Function]}
            onKeyDown={[Function]}
            role="columnheader"
            style={
              Object {
                "WebkitFlex": "0 1 80px",
                "flex": "0 1 80px",
                "msFlex": "0 1 80px",
              }
            }
            tabIndex={0}
          >
            <span
              className="ReactVirtualized__Table__headerTruncatedText"
              title="Symbol"
            >
              Symbol
            </span>
          </div>
          <div
            aria-label="Order Count"
            aria-sort="none"
            className="ReactVirtualized__Table__headerColumn ReactVirtualized__Table__sortableHeaderColumn"
            id={undefined}
            onClick={[Function]}
            onKeyDown={[Function]}
            role="columnheader"
            style={
              Object {
                "WebkitFlex": "0 1 120px",
                "flex": "0 1 120px",
                "msFlex": "0 1 120px",
              }
            }
            tabIndex={0}
          >
            <span
              className="ReactVirtualized__Table__headerTruncatedText"
              title="Order Count"
            >
              Order Count
            </span>
          </div>
          <div
            aria-label="Status"
            aria-sort="none"
            className="ReactVirtualized__Table__headerColumn ReactVirtualized__Table__sortableHeaderColumn"
            id={undefined}
            onClick={[Function]}
            onKeyDown={[Function]}
            role="columnheader"
            style={
              Object {
                "WebkitFlex": "0 1 120px",
                "flex": "0 1 120px",
                "msFlex": "0 1 120px",
              }
            }
            tabIndex={0}
          >
            <span
              className="ReactVirtualized__Table__headerTruncatedText"
              title="Status"
            >
              Status
            </span>
          </div>
          <div
            aria-label="Actions"
            aria-sort="none"
            className="ReactVirtualized__Table__headerColumn ReactVirtualized__Table__sortableHeaderColumn"
            id={undefined}
            onClick={[Function]}
            onKeyDown={[Function]}
            role="columnheader"
            style={
              Object {
                "WebkitFlex": "0 1 120px",
                "flex": "0 1 120px",
                "msFlex": "0 1 120px",
              }
            }
            tabIndex={0}
          >
            <span
              className="ReactVirtualized__Table__headerTruncatedText"
              title="Actions"
            >
              Actions
            </span>
          </div>
        </div>
        <div
          aria-label="grid"
          aria-readonly={true}
          className="ReactVirtualized__Grid ReactVirtualized__Table__Grid"
          id={undefined}
          onScroll={[Function]}
          role="rowgroup"
          style={
            Object {
              "WebkitOverflowScrolling": "touch",
              "boxSizing": "border-box",
              "direction": "ltr",
              "height": -24,
              "outline": "none",
              "overflowX": "hidden",
              "overflowY": "auto",
              "position": "relative",
              "width": 0,
              "willChange": "transform",
            }
          }
          tabIndex={0}
        />
      </div>
    </div>
  </div>
</div>
`;
