// Jest Snapshot v1, https://goo.gl/fbAQLP

exports[`AlgoOrdersTable it renders the algo orders table 1`] = `
<AlgoOrdersTable
  apiClientState={2}
  cancelOrder={[Function]}
  exID="bitfinex"
  orders={
    Array [
      Object {
        "args": Object {
          "_futures": false,
          "_margin": false,
          "amount": 1,
          "cancelDelay": 1,
          "long": Object {
            "args": Array [
              1,
            ],
            "candlePrice": "close",
            "candleTimeFrame": "1m",
            "type": "ema",
          },
          "longEMAPeriod": 1,
          "longEMAPrice": "CLOSE",
          "longEMATF": "1m",
          "longMAPeriod": 0,
          "longMAPrice": "CLOSE",
          "longMATF": "1m",
          "longType": "EMA",
          "orderPrice": 0,
          "orderType": "MARKET",
          "short": Object {
            "args": Array [
              0,
            ],
            "candlePrice": "close",
            "candleTimeFrame": "1m",
            "type": "ema",
          },
          "shortEMAPeriod": 0,
          "shortEMAPrice": "CLOSE",
          "shortEMATF": "1m",
          "shortMAPeriod": 0,
          "shortMAPrice": "CLOSE",
          "shortMATF": "1m",
          "shortType": "EMA",
          "submitDelay": 2,
          "symbol": "tBTCUSD",
        },
        "exID": "bitfinex",
        "gid": "1585330269533",
        "label": "MA Crossover | 1 @ MARKET  | long EMA(1) | short EMA(0)",
        "name": "MA Crossover",
      },
    ]
  }
>
  <ul
    className="hfui-ao-list__wrapper"
  >
    <li
      className="hfui-ao-list__entry"
      key="1585330269533"
    >
      <ul
        className="hfui-ao-list__entry-controls"
      >
        <li>
          <Icon
            Component="span"
            name="stop"
            onClick={[Function]}
            onKeyPress={[Function]}
            role="button"
            tabIndex={0}
          >
            <span
              className="fa fa-stop"
              onClick={[Function]}
              onKeyPress={[Function]}
              role="button"
              tabIndex={0}
            />
          </Icon>
        </li>
      </ul>
      <div
        className="hfui-ao-list__entry-row-status green"
      />
      <div
        className="hfui-ao-list__entry-row"
      >
        <div
          className="hfui-ao-list__entry-row-elm"
        >
          <p
            className="hfui-ao-list__entry-row-elm-value"
          >
            MA Crossover
          </p>
          <p
            className="hfui-ao-list__entry-row-elm-label"
          >
            Name
          </p>
        </div>
        <div
          className="hfui-ao-list__entry-row-elm"
        >
          <p
            className="hfui-ao-list__entry-row-elm-value"
          >
            Bitfinex
          </p>
          <p
            className="hfui-ao-list__entry-row-elm-label"
          >
            Exchange
          </p>
        </div>
        <div
          className="hfui-ao-list__entry-row-elm"
        >
          <p
            className="hfui-ao-list__entry-row-elm-value"
          >
            Exchange
          </p>
          <p
            className="hfui-ao-list__entry-row-elm-label"
          >
            Context
          </p>
        </div>
        <div
          className="hfui-ao-list__entry-row-elm"
        >
          <p
            className="hfui-ao-list__entry-row-elm-value"
          >
            3/27/2020, 7:31:09 PM
          </p>
          <p
            className="hfui-ao-list__entry-row-elm-label"
          >
            Created
          </p>
        </div>
      </div>
      <div
        className="hfui-ao-list__entry-row"
      >
        <div
          className="hfui-ao-list__entry-row-elm"
        >
          <p
            className="hfui-ao-list__entry-row-elm-value"
          >
            tBTCUSD
          </p>
          <p
            className="hfui-ao-list__entry-row-elm-label"
          >
            Symbol
          </p>
        </div>
        <div
          className="hfui-ao-list__entry-row-elm"
        >
          <p
            className="hfui-ao-list__entry-row-elm-value"
          >
            MA Crossover | 1 @ MARKET  | long EMA(1) | short EMA(0)
          </p>
          <p
            className="hfui-ao-list__entry-row-elm-label"
          >
            Label
          </p>
        </div>
      </div>
    </li>
  </ul>
</AlgoOrdersTable>
`;
